################################################################
#############422   WWsssssWWWWss     ssWWssWs        sWW   WWWW#
#############4  # WWWW  ssWsss2        sss     WW1 s        W W#
####       #########W     WWs12    x           WWs    W      WW#
####       #########     WWWWWWs               ssWs WsWs       #
####              ##     WWsWsWWWWs     Ws      sWs WsWsW     s#
####              ##    sssWsWsWWsW     sW       W  WsWs    sWW#
####       #####  ##       ssWsWWss     sW     s   sWsss    WWW#
####       #####  ##s        WsWW     W WWW    s     ss    ssWW#
####     11#####  ##W     x   WWWW   WssWss    sW     W      ss#
################WW##Ws        sWWss sssssWsW   WW             s#
################WW##SWs       WWW       sWsW   WWs            s#
################WW#########s   W         sW    WWs   #### ###  #
###############WWW#########            X  W   sWWs   #      #  #
#                        ##s        ssW      sssW  X #  &   #  #
#          2sssssssss    ##s       WssWs     ssss    #    44#  #
#         sssssssss      ##WW       sWsWs    sWssWWs3########  #
#       sss3             ##WWs      ssssss    WsWWWWWWW        #
#                        ##WWWs      sss        sssss          #
#    &       x           ##WWWW                                #
#    x  ss               ##WWWW                                #
#       ss     ss &      ##WWWW                                #
#              ss     ss ##WsW            ssss                W#
#                   x    ##ss             sssssss             W#
#           11           ##s             ssssssss             W#
##################  #######              sssssss1             W#
##################  #######              sssssss2              #
##################  ##                     ssssss              #
#####4       #####  ##         WWWWWWW      ssss               #
#####4       #####  ##       WWWWWWWWWW                        #
#####   x    WW     ##1      WWWWWWWWWW                   ss   #
#####   &    #####  ##1       WWWWW                     sss    #
#####2     1 #####  ##                                  ss     #
#####22      #####  ##                                         #
##################  ##                                         #
##################WW##########SSS####             x            #
##################W ##########SSS####                          #
#####                   ####SSSSSSS##                          #
#####   ss              ####SSSSSSS##                          #
#####x  ss  &                      ##                          #
#####   ss  X   x      x      X&   ##                   X      #
#####   3s       ss     ####       ##                          #
#####            sss   4####       ##                          #
################################################################
