################################################################
#############      WWsssssWWWWss     ssWWssWs        sWW   WWWW#
#############   # WWWW  ssWsss         sss     WW  s        WWW#
####       #########W     WWs      x           WWs    W        #
####       #########     WWWWWWs               ssWs WsWs       #
####              ##     WWsWsWWWWs     Ws      sWs WsWsW     s#
####              ##    sssWsWsWWsW     sW       W  WsWs    sWW#
####       #####  ##       ssWsWWss     sW     s   sWsss    WWW#
####       #####  ##s        WsWW     W WWW    s     ss    ssWW#
####       #####  ##W     x   WWWW   WssWss    sW     W      ss#
################WW##Ws        sWWss sssssWsW   WW             s#
################WW##SWs       WWW       sWsW   WWs            s#
################WW#########s   W         sW    WWs   #### ###  #
###############WWW#########            X  W   sWWs   #      #  #
#                        ##s        ssW      sssW  X #      #  #
#           sssssssss    ##s       WssWs     ssss    #      #  #
#         sssssssss      ##WW       sWsWs    sWssWWs ########  #
#       sss              ##WWs      ssssss    WsWWWWWWW        #
#                        ##WWWs      sss        sssss          #
#                        ##WWWW                                #
#    x  ss         x     ##WWWW                                #
#       ss     ss        ##WWWW                                #
#              ss     ss ##WsW            ssss                W#
#            x           ##ss             sssssss             W#
#                        ##s             ssssssss             W#
##################  #######              sssssss              W#
##################  #######              sssssss               #
##################  ##                     ssssss              #
#####        #####  ##         WWWWWWW      ssss               #
#####        #####  ##       WWWWWWWWWW                        #
#####   x    WW     ##       WWWWWWWWWW                   ss   #
#####        #####  ##        WWWWW                     sss    #
#####        #####  ##                                  ss     #
#####        #####  ##                                         #
##################  ##                                         #
##################WW##########SSS####             x            #
##################W ##########SSS####                          #
#####                   ####SSSSSSS##                          #
#####   ss              ####SSSSSSS##                          #
#####x  ss                         ##                          #
#####   ss  X   x      x      X    ##                   X      #
#####    s       ss     ####       ##                          #
#####            sss    ####       ##                          #
################################################################
