################################################################
#       #                                                      #
#       #    ssssssssssssssss                                  #
#       #           ssssssssssssss                             #
#       #         sssssssssssss         #                      #
#       #           ssssssssssssssss    #                      #
#       #         ssssssssssssss        #                      #
#       #        ssssssssssssss         #                      #
#       #      sssssssssssssssss        #                      #
#####  ##     ssssssssssssssssss        #########              #
#          sssssssssssssssssss                                 #
#          WWWWWWWWWWssssssssssssssss                          #
#   SSS  SSSSSSSSSSSSSSSS                                      #
#######  #### SSSSSSSSSSSSSSSSSS   ############                #
#           # SSSSSSSSSSSSSSSSSSS  #          #                #
#           #   SSSSSSSSSSSSSSS    #          #                #
#           #SSSSSSSSSSSSSSSSSSSS  #          #                #
#           #   SSSSSSSSSSSSSS                                 #
#           #   SSSSSSSSSSSSs      #          #                #
#           #                      #          #                #
#           #                      #          #                #
#           #                      ############                #
#           #                                                  #
#                                                              #
#                                                              #
#                                                              #
#                   x                                          #
#                   x                                          #
#                   x                                          #
#                   x                                          #
#                   x                                          #
#   ###############################                            #
#                                                              #
#                                                              #
#                                                              #
#                                                              #
#                                                              #
#                                                              #
#                                                              #
#                                                              #
#                                                              #
#                                                              #
#                                                              #
################################################################
